// Jest Snapshot v1, https://goo.gl/fbAQLP

exports[`UserDetailsFormDoneComponent should render confirmation message and matchSnapshot 1`] = `
<div>
  <div
    class="col-md-6 offset-md-3"
  >
    <header>
      <h2>
        User details completed.
      </h2>
    </header>
    <p
      class="confirmation-text"
    >
      Please verify your email address, you should have received an email from us already!
    </p>
  </div>
</div>
`;
