// Jest Snapshot v1, https://goo.gl/fbAQLP

exports[`UserDetailsComponent should render user form 1`] = `
<div>
  <div
    class="col-md-6 offset-md-3"
  >
    <header>
      <h2>
        Create User details
      </h2>
    </header>
    <div
      class="loader-overlay"
      data-testid="test-loader"
    >
      <div
        class="loader-circle-wrap"
      >
        <div
          class="loader-circle"
        />
      </div>
    </div>
  </div>
</div>
`;
